Archive member included to satisfy reference by file (symbol)

C:/ST/STM32CubeIDE_1.17.0/STM32CubeIDE/plugins/com.st.stm32cube.ide.mcu.externaltools.gnu-tools-for-stm32.12.3.rel1.win32_1.1.0.202410251130/tools/bin/../lib/gcc/arm-none-eabi/12.3.1/../../../../arm-none-eabi/lib/thumb/v7e-m+fp/hard\libc_nano.a(libc_a-exit.o)
                              C:/ST/STM32CubeIDE_1.17.0/STM32CubeIDE/plugins/com.st.stm32cube.ide.mcu.externaltools.gnu-tools-for-stm32.12.3.rel1.win32_1.1.0.202410251130/tools/bin/../lib/gcc/arm-none-eabi/12.3.1/../../../../arm-none-eabi/lib/thumb/v7e-m+fp/hard/crt0.o (exit)
C:/ST/STM32CubeIDE_1.17.0/STM32CubeIDE/plugins/com.st.stm32cube.ide.mcu.externaltools.gnu-tools-for-stm32.12.3.rel1.win32_1.1.0.202410251130/tools/bin/../lib/gcc/arm-none-eabi/12.3.1/../../../../arm-none-eabi/lib/thumb/v7e-m+fp/hard\libc_nano.a(libc_a-bsearch.o)
                              ./Middleware/Modbus/Modbus.o (bsearch)
C:/ST/STM32CubeIDE_1.17.0/STM32CubeIDE/plugins/com.st.stm32cube.ide.mcu.externaltools.gnu-tools-for-stm32.12.3.rel1.win32_1.1.0.202410251130/tools/bin/../lib/gcc/arm-none-eabi/12.3.1/../../../../arm-none-eabi/lib/thumb/v7e-m+fp/hard\libc_nano.a(libc_a-nano-vfprintf.o)
                              ./Driver/Logs/Logs.o (vfprintf)
C:/ST/STM32CubeIDE_1.17.0/STM32CubeIDE/plugins/com.st.stm32cube.ide.mcu.externaltools.gnu-tools-for-stm32.12.3.rel1.win32_1.1.0.202410251130/tools/bin/../lib/gcc/arm-none-eabi/12.3.1/../../../../arm-none-eabi/lib/thumb/v7e-m+fp/hard\libc_nano.a(libc_a-nano-vfprintf_i.o)
                              C:/ST/STM32CubeIDE_1.17.0/STM32CubeIDE/plugins/com.st.stm32cube.ide.mcu.externaltools.gnu-tools-for-stm32.12.3.rel1.win32_1.1.0.202410251130/tools/bin/../lib/gcc/arm-none-eabi/12.3.1/../../../../arm-none-eabi/lib/thumb/v7e-m+fp/hard\libc_nano.a(libc_a-nano-vfprintf.o) (_printf_i)
C:/ST/STM32CubeIDE_1.17.0/STM32CubeIDE/plugins/com.st.stm32cube.ide.mcu.externaltools.gnu-tools-for-stm32.12.3.rel1.win32_1.1.0.202410251130/tools/bin/../lib/gcc/arm-none-eabi/12.3.1/../../../../arm-none-eabi/lib/thumb/v7e-m+fp/hard\libc_nano.a(libc_a-findfp.o)
                              C:/ST/STM32CubeIDE_1.17.0/STM32CubeIDE/plugins/com.st.stm32cube.ide.mcu.externaltools.gnu-tools-for-stm32.12.3.rel1.win32_1.1.0.202410251130/tools/bin/../lib/gcc/arm-none-eabi/12.3.1/../../../../arm-none-eabi/lib/thumb/v7e-m+fp/hard\libc_nano.a(libc_a-exit.o) (__stdio_exit_handler)
C:/ST/STM32CubeIDE_1.17.0/STM32CubeIDE/plugins/com.st.stm32cube.ide.mcu.externaltools.gnu-tools-for-stm32.12.3.rel1.win32_1.1.0.202410251130/tools/bin/../lib/gcc/arm-none-eabi/12.3.1/../../../../arm-none-eabi/lib/thumb/v7e-m+fp/hard\libc_nano.a(libc_a-fvwrite.o)
                              C:/ST/STM32CubeIDE_1.17.0/STM32CubeIDE/plugins/com.st.stm32cube.ide.mcu.externaltools.gnu-tools-for-stm32.12.3.rel1.win32_1.1.0.202410251130/tools/bin/../lib/gcc/arm-none-eabi/12.3.1/../../../../arm-none-eabi/lib/thumb/v7e-m+fp/hard\libc_nano.a(libc_a-nano-vfprintf.o) (__sfvwrite_r)
C:/ST/STM32CubeIDE_1.17.0/STM32CubeIDE/plugins/com.st.stm32cube.ide.mcu.externaltools.gnu-tools-for-stm32.12.3.rel1.win32_1.1.0.202410251130/tools/bin/../lib/gcc/arm-none-eabi/12.3.1/../../../../arm-none-eabi/lib/thumb/v7e-m+fp/hard\libc_nano.a(libc_a-fwalk.o)
                              C:/ST/STM32CubeIDE_1.17.0/STM32CubeIDE/plugins/com.st.stm32cube.ide.mcu.externaltools.gnu-tools-for-stm32.12.3.rel1.win32_1.1.0.202410251130/tools/bin/../lib/gcc/arm-none-eabi/12.3.1/../../../../arm-none-eabi/lib/thumb/v7e-m+fp/hard\libc_nano.a(libc_a-findfp.o) (_fwalk_sglue)
C:/ST/STM32CubeIDE_1.17.0/STM32CubeIDE/plugins/com.st.stm32cube.ide.mcu.externaltools.gnu-tools-for-stm32.12.3.rel1.win32_1.1.0.202410251130/tools/bin/../lib/gcc/arm-none-eabi/12.3.1/../../../../arm-none-eabi/lib/thumb/v7e-m+fp/hard\libc_nano.a(libc_a-printf.o)
                              ./Driver/Logs/Logs.o (printf)
C:/ST/STM32CubeIDE_1.17.0/STM32CubeIDE/plugins/com.st.stm32cube.ide.mcu.externaltools.gnu-tools-for-stm32.12.3.rel1.win32_1.1.0.202410251130/tools/bin/../lib/gcc/arm-none-eabi/12.3.1/../../../../arm-none-eabi/lib/thumb/v7e-m+fp/hard\libc_nano.a(libc_a-putchar.o)
                              ./Driver/Logs/Logs.o (putchar)
C:/ST/STM32CubeIDE_1.17.0/STM32CubeIDE/plugins/com.st.stm32cube.ide.mcu.externaltools.gnu-tools-for-stm32.12.3.rel1.win32_1.1.0.202410251130/tools/bin/../lib/gcc/arm-none-eabi/12.3.1/../../../../arm-none-eabi/lib/thumb/v7e-m+fp/hard\libc_nano.a(libc_a-puts.o)
                              ./Driver/Logs/Logs.o (puts)
C:/ST/STM32CubeIDE_1.17.0/STM32CubeIDE/plugins/com.st.stm32cube.ide.mcu.externaltools.gnu-tools-for-stm32.12.3.rel1.win32_1.1.0.202410251130/tools/bin/../lib/gcc/arm-none-eabi/12.3.1/../../../../arm-none-eabi/lib/thumb/v7e-m+fp/hard\libc_nano.a(libc_a-stdio.o)
[...]
Memory Configuration

Name             Origin             Length             Attributes
CCMRAM           0x10000000         0x00010000         xrw
RAM              0x20000000         0x00020000         xrw
FLASH            0x08000000         0x00100000         xr
*default*        0x00000000         0xffffffff

Linker script and memory map

LOAD C:/ST/STM32CubeIDE_1.17.0/STM32CubeIDE/plugins/com.st.stm32cube.ide.mcu.externaltools.gnu-tools-for-stm32.12.3.rel1.win32_1.1.0.202410251130/tools/bin/../lib/gcc/arm-none-eabi/12.3.1/thumb/v7e-m+fp/hard/crti.o
LOAD C:/ST/STM32CubeIDE_1.17.0/STM32CubeIDE/plugins/com.st.stm32cube.ide.mcu.externaltools.gnu-tools-for-stm32.12.3.rel1.win32_1.1.0.202410251130/tools/bin/../lib/gcc/arm-none-eabi/12.3.1/thumb/v7e-m+fp/hard/crtbegin.o
LOAD C:/ST/STM32CubeIDE_1.17.0/STM32CubeIDE/plugins/com.st.stm32cube.ide.mcu.externaltools.gnu-tools-for-stm32.12.3.rel1.win32_1.1.0.202410251130/tools/bin/../lib/gcc/arm-none-eabi/12.3.1/../../../../arm-none-eabi/lib/thumb/v7e-m+fp/hard/crt0.o
LOAD ./Application_Layer/App.o
LOAD ./Driver/CAN/CAN.o
LOAD ./Driver/Console/Console.o
LOAD ./Driver/DMA/DMA.o
LOAD ./Driver/GPIO/GPIO.o
LOAD ./Driver/I2C/I2C.o
LOAD ./Driver/Logs/Logs.o
LOAD ./Driver/Timer/Timer.o
LOAD ./Driver/USART/USART.o
LOAD ./Middleware/Modbus/Modbus.o
LOAD ./Modules/Barometer/BMP280.o
LOAD ./Modules/LC76G/LC76G.o
LOAD ./Modules/MPU6050/MPU6050.o
LOAD ./Src/main.o
LOAD ./Src/syscalls.o
LOAD ./Src/sysmem.o
LOAD ./Src/system_stm32f4xx.o
LOAD ./Startup/startup_stm32f407vgtx.o
START GROUP
LOAD C:/ST/STM32CubeIDE_1.17.0/STM32CubeIDE/plugins/com.st.stm32cube.ide.mcu.externaltools.gnu-tools-for-stm32.12.3.rel1.win32_1.1.0.202410251130/tools/bin/../lib/gcc/arm-none-eabi/12.3.1/../../../../arm-none-eabi/lib/thumb/v7e-m+fp/hard\libc_nano.a
LOAD C:/ST/STM32CubeIDE_1.17.0/STM32CubeIDE/plugins/com.st.stm32cube.ide.mcu.externaltools.gnu-tools-for-stm32.12.3.rel1.win32_1.1.0.202410251130/tools/bin/../lib/gcc/arm-none-eabi/12.3.1/../../../../arm-none-eabi/lib/thumb/v7e-m+fp/hard\libm.a
END GROUP
START GROUP
LOAD C:/ST/STM32CubeIDE_1.17.0/STM32CubeIDE/plugins/com.st.stm32cube.ide.mcu.externaltools.gnu-tools-for-stm32.12.3.rel1.win32_1.1.0.202410251130/tools/bin/../lib/gcc/arm-none-eabi/12.3.1/thumb/v7e-m+fp/hard\libgcc.a
LOAD C:/ST/STM32CubeIDE_1.17.0/STM32CubeIDE/plugins/com.st.stm32cube.ide.mcu.externaltools.gnu-tools-for-stm32.12.3.rel1.win32_1.1.0.202410251130/tools/bin/../lib/gcc/arm-none-eabi/12.3.1/../../../../arm-none-eabi/lib/thumb/v7e-m+fp/hard\libc_nano.a
END GROUP
START GROUP
LOAD C:/ST/STM32CubeIDE_1.17.0/STM32CubeIDE/plugins/com.st.stm32cube.ide.mcu.externaltools.gnu-tools-for-stm32.12.3.rel1.win32_1.1.0.202410251130/tools/bin/../lib/gcc/arm-none-eabi/12.3.1/thumb/v7e-m+fp/hard\libgcc.a
LOAD C:/ST/STM32CubeIDE_1.17.0/STM32CubeIDE/plugins/com.st.stm32cube.ide.mcu.externaltools.gnu-tools-for-stm32.12.3.rel1.win32_1.1.0.202410251130/tools/bin/../lib/gcc/arm-none-eabi/12.3.1/../../../../arm-none-eabi/lib/thumb/v7e-m+fp/hard\libc_nano.a
LOAD C:/ST/STM32CubeIDE_1.17.0/STM32CubeIDE/plugins/com.st.stm32cube.ide.mcu.externaltools.gnu-tools-for-stm32.12.3.rel1.win32_1.1.0.202410251130/tools/bin/../lib/gcc/arm-none-eabi/12.3.1/../../../../arm-none-eabi/lib/thumb/v7e-m+fp/hard\libnosys.a
END GROUP
START GROUP
LOAD C:/ST/STM32CubeIDE_1.17.0/STM32CubeIDE/plugins/com.st.stm32cube.ide.mcu.externaltools.gnu-tools-for-stm32.12.3.rel1.win32_1.1.0.202410251130/tools/bin/../lib/gcc/arm-none-eabi/12.3.1/thumb/v7e-m+fp/hard\libgcc.a
LOAD C:/ST/STM32CubeIDE_1.17.0/STM32CubeIDE/plugins/com.st.stm32cube.ide.mcu.externaltools.gnu-tools-for-stm32.12.3.rel1.win32_1.1.0.202410251130/tools/bin/../lib/gcc/arm-none-eabi/12.3.1/../../../../arm-none-eabi/lib/thumb/v7e-m+fp/hard\libc_nano.a
LOAD C:/ST/STM32CubeIDE_1.17.0/STM32CubeIDE/plugins/com.st.stm32cube.ide.mcu.externaltools.gnu-tools-for-stm32.12.3.rel1.win32_1.1.0.202410251130/tools/bin/../lib/gcc/arm-none-eabi/12.3.1/../../../../arm-none-eabi/lib/thumb/v7e-m+fp/hard\libnosys.a
END GROUP
LOAD C:/ST/STM32CubeIDE_1.17.0/STM32CubeIDE/plugins/com.st.stm32cube.ide.mcu.externaltools.gnu-tools-for-stm32.12.3.rel1.win32_1.1.0.202410251130/tools/bin/../lib/gcc/arm-none-eabi/12.3.1/thumb/v7e-m+fp/hard/crtend.o
LOAD C:/ST/STM32CubeIDE_1.17.0/STM32CubeIDE/plugins/com.st.stm32cube.ide.mcu.externaltools.gnu-tools-for-stm32.12.3.rel1.win32_1.1.0.202410251130/tools/bin/../lib/gcc/arm-none-eabi/12.3.1/thumb/v7e-m+fp/hard/crtn.o
                0x20020000                        _estack = (ORIGIN (RAM) + LENGTH (RAM))
                0x00000200                        _Min_Heap_Size = 0x200
                0x00000400                        _Min_Stack_Size = 0x400

.isr_vector     0x08000000      0x188
                0x08000000                        . = ALIGN (0x4)
 *(.isr_vector)
 .isr_vector    0x08000000      0x188 ./Startup/startup_stm32f407vgtx.o
                0x08000000                g_pfnVectors
                0x08000188                        . = ALIGN (0x4)

.text           0x08000188     0x4078
                0x08000188                        . = ALIGN (0x4)
 *(.text)
 .text          0x08000188       0x40 C:/ST/STM32CubeIDE_1.17.0/STM32CubeIDE/plugins/com.st.stm32cube.ide.mcu.externaltools.gnu-tools-for-stm32.12.3.rel1.win32_1.1.0.202410251130/tools/bin/../lib/gcc/arm-none-eabi/12.3.1/thumb/v7e-m+fp/hard/crtbegin.o
 *(.text*)
 .text.IMUV100_Modbus_Command_Process
                0x080001c8      0x7ac ./Application_Layer/App.o
                0x080001c8                IMUV100_Modbus_Command_Process
 .text.__NVIC_EnableIRQ
                0x08000974       0x3c ./Driver/DMA/DMA.o
 .text.DMA1_Stream0_IRQHandler
                0x080009b0      0x178 ./Driver/DMA/DMA.o
                0x080009b0                DMA1_Stream0_IRQHandler
 .text.DMA1_Stream1_IRQHandler
                0x08000b28      0x134 ./Driver/DMA/DMA.o
                0x08000b28                DMA1_Stream1_IRQHandler
 .text.DMA1_Stream2_IRQHandler
                0x08000c5c       0xd0 ./Driver/DMA/DMA.o
                0x08000c5c                DMA1_Stream2_IRQHandler
 .text.DMA1_Stream3_IRQHandler
                0x08000d2c      0x178 ./Driver/DMA/DMA.o
                0x08000d2c                DMA1_Stream3_IRQHandler
 .text.DMA1_Stream4_IRQHandler
                0x08000ea4      0x178 ./Driver/DMA/DMA.o
                0x08000ea4                DMA1_Stream4_IRQHandler
 .text.DMA1_Stream5_IRQHandler
                0x0800101c      0x184 ./Driver/DMA/DMA.o
                0x0800101c                DMA1_Stream5_IRQHandler
 .text.DMA1_Stream6_IRQHandler
                0x080011a0      0x140 ./Driver/DMA/DMA.o
                0x080011a0                DMA1_Stream6_IRQHandler
 .text.DMA1_Stream7_IRQHandler
                0x080012e0      0x178 ./Driver/DMA/DMA.o
                0x080012e0                DMA1_Stream7_IRQHandler
 .text.DMA2_Stream0_IRQHandler
                0x08001458      0x134 ./Driver/DMA/DMA.o
                0x08001458                DMA2_Stream0_IRQHandler
 .text.DMA2_Stream1_IRQHandler
                0x0800158c      0x19c ./Driver/DMA/DMA.o
                0x0800158c                DMA2_Stream1_IRQHandler
 .text.DMA2_Stream2_IRQHandler
                0x08001728      0x114 ./Driver/DMA/DMA.o
                0x08001728                DMA2_Stream2_IRQHandler
 .text.DMA2_Stream3_IRQHandler
                0x0800183c       0xf0 ./Driver/DMA/DMA.o
                0x0800183c                DMA2_Stream3_IRQHandler
 .text.DMA2_Stream4_IRQHandler
                0x0800192c       0xf0 ./Driver/DMA/DMA.o
                0x0800192c                DMA2_Stream4_IRQHandler
 .text.DMA2_Stream5_IRQHandler
                0x08001a1c       0xd0 ./Driver/DMA/DMA.o
                0x08001a1c                DMA2_Stream5_IRQHandler
 .text.DMA2_Stream6_IRQHandler
                0x08001aec      0x134 ./Driver/DMA/DMA.o
                0x08001aec                DMA2_Stream6_IRQHandler
 .text.DMA2_Stream7_IRQHandler
                0x08001c20      0x110 ./Driver/DMA/DMA.o
                0x08001c20                DMA2_Stream7_IRQHandler
 .text.DMA_Clock_Enable
                0x08001d30       0x4c ./Driver/DMA/DMA.o
                0x08001d30                DMA_Clock_Enable
 .text.DMA_Init
                0x08001d7c      0x36c ./Driver/DMA/DMA.o
                0x08001d7c                DMA_Init
 .text.__NVIC_EnableIRQ
                0x080020e8       0x3c ./Driver/GPIO/GPIO.o
 .text.__NVIC_SetPriority
                0x08002124       0x54 ./Driver/GPIO/GPIO.o
 .text.EXTI0_IRQHandler
                0x08002178       0x2c ./Driver/GPIO/GPIO.o
                0x08002178                EXTI0_IRQHandler
 .text.EXTI1_IRQHandler
                0x080021a4       0x2c ./Driver/GPIO/GPIO.o
                0x080021a4                EXTI1_IRQHandler
 .text.EXTI2_IRQHandler
                0x080021d0       0x2c ./Driver/GPIO/GPIO.o
                0x080021d0                EXTI2_IRQHandler
 .text.EXTI3_IRQHandler
                0x080021fc       0x2c ./Driver/GPIO/GPIO.o
                0x080021fc                EXTI3_IRQHandler
 .text.EXTI4_IRQHandler
                0x08002228       0x2c ./Driver/GPIO/GPIO.o
                0x08002228                EXTI4_IRQHandler
 .text.EXTI9_5_IRQHandler
                0x08002254       0x68 ./Driver/GPIO/GPIO.o
                0x08002254                EXTI9_5_IRQHandler
 .text.EXTI15_10_IRQHandler
                0x080022bc       0x68 ./Driver/GPIO/GPIO.o
                0x080022bc                EXTI15_10_IRQHandler
 .text.GPIO_Interrupt_Setup
                0x08002324      0x1f8 ./Driver/GPIO/GPIO.o
                0x08002324                GPIO_Interrupt_Setup
 .text.GPIO_Clock_Enable
                0x0800251c       0xec ./Driver/GPIO/GPIO.o
                0x0800251c                GPIO_Clock_Enable
 .text.GPIO_Pin_Init
                0x08002608      0x14e ./Driver/GPIO/GPIO.o
                0x08002608                GPIO_Pin_Init
 *fill*         0x08002756        0x2 
 .text.pin_setup
                0x08002758      0x190 ./Driver/I2C/I2C.o
 .text.I2C_Clock_Enable
                0x080028e8       0x6c ./Driver/I2C/I2C.o
                0x080028e8                I2C_Clock_Enable
 .text.I2C_Init
                0x08002954      0x268 ./Driver/I2C/I2C.o
                0x08002954                I2C_Init
 .text.I2C_Master_Start
                0x08002bbc       0x7c ./Driver/I2C/I2C.o
                0x08002bbc                I2C_Master_Start
 .text.I2C_Master_Address
                0x08002c38       0x68 ./Driver/I2C/I2C.o
                0x08002c38                I2C_Master_Address
 .text.I2C_Master_Send_Byte
                0x08002ca0       0x42 ./Driver/I2C/I2C.o
                0x08002ca0                I2C_Master_Send_Byte
 .text.I2C_Master_Stop
                0x08002ce2       0x24 ./Driver/I2C/I2C.o
                0x08002ce2                I2C_Master_Stop
 .text.I2C_Master_Write_Register
                0x08002d06       0x4e ./Driver/I2C/I2C.o
                0x08002d06                I2C_Master_Write_Register
 .text.I2C_Read_Register
                0x08002d54      0x208 ./Driver/I2C/I2C.o
                0x08002d54                I2C_Read_Register
 .text.TIM1_BRK_TIM9_IRQHandler
                0x08002f5c       0xb8 ./Driver/Timer/Timer.o
                0x08002f5c                TIM1_BRK_TIM9_IRQHandler
 .text.TIM1_UP_TIM10_IRQHandler
                0x08003014       0x74 ./Driver/Timer/Timer.o
                0x08003014                TIM1_UP_TIM10_IRQHandler
 .text.TIM1_TRG_COM_TIM11_IRQHandler
                0x08003088       0x98 ./Driver/Timer/Timer.o
                0x08003088                TIM1_TRG_COM_TIM11_IRQHandler
 .text.TIM1_CC_IRQHandler
                0x08003120       0x88 ./Driver/Timer/Timer.o
                0x08003120                TIM1_CC_IRQHandler
 .text.TIM2_IRQHandler
                0x080031a8       0xdc ./Driver/Timer/Timer.o
                0x080031a8                TIM2_IRQHandler
 .text.TIM3_IRQHandler
                0x08003284       0xc8 ./Driver/Timer/Timer.o
                0x08003284                TIM3_IRQHandler
 .text.TIM4_IRQHandler
                0x0800334c       0xc8 ./Driver/Timer/Timer.o
                0x0800334c                TIM4_IRQHandler
 .text.TIM5_IRQHandler
                0x08003414       0xc8 ./Driver/Timer/Timer.o
                0x08003414                TIM5_IRQHandler
 .text.TIM6_DAC_IRQHandler
                0x080034dc       0x30 ./Driver/Timer/Timer.o
                0x080034dc                TIM6_DAC_IRQHandler
 .text.TIM7_IRQHandler
                0x0800350c       0x30 ./Driver/Timer/Timer.o
                0x0800350c                TIM7_IRQHandler
 .text.TIM8_BRK_TIM12_IRQHandler
                0x0800353c       0xb8 ./Driver/Timer/Timer.o
                0x0800353c                TIM8_BRK_TIM12_IRQHandler
 .text.TIM8_UP_TIM13_IRQHandler
                0x080035f4       0x74 ./Driver/Timer/Timer.o
                0x080035f4                TIM8_UP_TIM13_IRQHandler
 .text.TIM8_TRG_COM_TIM14_IRQHandler
                0x08003668       0x98 ./Driver/Timer/Timer.o
                0x08003668                TIM8_TRG_COM_TIM14_IRQHandler
 .text.TIM8_CC_IRQHandler
                0x08003700       0x88 ./Driver/Timer/Timer.o
                0x08003700                TIM8_CC_IRQHandler
 .text.UART4_IRQHandler
                0x08003788      0x170 ./Driver/USART/USART.o
                0x08003788                UART4_IRQHandler
 .text.USART1_IRQHandler
                0x080038f8      0x170 ./Driver/USART/USART.o
                0x080038f8                USART1_IRQHandler
 .text.USART_Get_Instance_Number
                0x08003a68       0x84 ./Driver/USART/USART.o
                0x08003a68                USART_Get_Instance_Number
 .text.USART_TX_Single_Byte
                0x08003aec       0x32 ./Driver/USART/USART.o
                0x08003aec                USART_TX_Single_Byte
 *fill*         0x08003b1e        0x2 
 .text.CRC16    0x08003b20       0x5c ./Middleware/Modbus/Modbus.o
 .text.Modbus_Send_Slave_Packet
                0x08003b7c       0x90 ./Middleware/Modbus/Modbus.o
                0x08003b7c                Modbus_Send_Slave_Packet
 .text.Compare_Commands
                0x08003c0c       0x46 ./Middleware/Modbus/Modbus.o
                0x08003c0c                Compare_Commands
 *fill*         0x08003c52        0x2 
 .text.Search_Commands
                0x08003c54       0x50 ./Middleware/Modbus/Modbus.o
                0x08003c54                Search_Commands
 .text.__NVIC_SetPriority
                0x08003ca4       0x54 ./Src/main.o
 .text.SysTick_Config
                0x08003cf8       0x44 ./Src/main.o
 .text.MCU_Clock_Setup
                0x08003d3c      0x124 ./Src/main.o
 .text.Delay_Config
                0x08003e60       0x30 ./Src/main.o
 .text.MPU6050_ISR
                0x08003e90       0x18 ./Src/main.o
                0x08003e90                MPU6050_ISR
 .text.main     0x08003ea8      0x140 ./Src/main.o
                0x08003ea8                main
 .text.SystemInit
                0x08003fe8       0x24 ./Src/system_stm32f4xx.o
                0x08003fe8                SystemInit
 .text.SystemCoreClockUpdate
                0x0800400c      0x100 ./Src/system_stm32f4xx.o
                0x0800400c                SystemCoreClockUpdate
 .text.Reset_Handler
                0x0800410c       0x50 ./Startup/startup_stm32f407vgtx.o
                0x0800410c                Reset_Handler
 .text.Default_Handler
                0x0800415c        0x2 ./Startup/startup_stm32f407vgtx.o
                0x0800415c                RTC_Alarm_IRQHandler
                0x0800415c                HASH_RNG_IRQHandler
                0x0800415c                DebugMon_Handler
                0x0800415c                HardFault_Handler
                0x0800415c                SysTick_Handler
                0x0800415c                PVD_IRQHandler
                0x0800415c                SDIO_IRQHandler
                0x0800415c                TAMP_STAMP_IRQHandler
                0x0800415c                PendSV_Handler
                0x0800415c                NMI_Handler
                0x0800415c                CAN2_RX1_IRQHandler
                0x0800415c                I2C3_ER_IRQHandler
                0x0800415c                I2C2_EV_IRQHandler
                0x0800415c                CAN1_RX0_IRQHandler
                0x0800415c                FPU_IRQHandler
                0x0800415c                OTG_HS_WKUP_IRQHandler
                0x0800415c                UsageFault_Handler
                0x0800415c                CAN2_SCE_IRQHandler
                0x0800415c                SPI1_IRQHandler
                0x0800415c                DCMI_IRQHandler
                0x0800415c                CAN2_RX0_IRQHandler
                0x0800415c                USART6_IRQHandler
                0x0800415c                USART3_IRQHandler
                0x0800415c                CRYP_IRQHandler
                0x0800415c                CAN1_RX1_IRQHandler
                0x0800415c                UART5_IRQHandler
                0x0800415c                I2C1_EV_IRQHandler
                0x0800415c                RCC_IRQHandler
                0x0800415c                Default_Handler
                0x0800415c                ADC_IRQHandler
                0x0800415c                CAN2_TX_IRQHandler
                0x0800415c                I2C3_EV_IRQHandler
                0x0800415c                RTC_WKUP_IRQHandler
                0x0800415c                ETH_WKUP_IRQHandler
                0x0800415c                SPI2_IRQHandler
                0x0800415c                OTG_HS_EP1_IN_IRQHandler
                0x0800415c                MemManage_Handler
                0x0800415c                CAN1_TX_IRQHandler
                0x0800415c                SVC_Handler
                0x0800415c                FSMC_IRQHandler
                0x0800415c                ETH_IRQHandler
                0x0800415c                OTG_HS_EP1_OUT_IRQHandler
                0x0800415c                WWDG_IRQHandler
                0x0800415c                OTG_FS_WKUP_IRQHandler
                0x0800415c                OTG_HS_IRQHandler
                0x0800415c                USART2_IRQHandler
                0x0800415c                I2C2_ER_IRQHandler
                0x0800415c                CAN1_SCE_IRQHandler
                0x0800415c                BusFault_Handler
                0x0800415c                OTG_FS_IRQHandler
                0x0800415c                SPI3_IRQHandler
                0x0800415c                I2C1_ER_IRQHandler
 .text.bsearch  0x0800415e       0x42 C:/ST/STM32CubeIDE_1.17.0/STM32CubeIDE/plugins/com.st.stm32cube.ide.mcu.externaltools.gnu-tools-for-stm32.12.3.rel1.win32_1.1.0.202410251130/tools/bin/../lib/gcc/arm-none-eabi/12.3.1/../../../../arm-none-eabi/lib/thumb/v7e-m+fp/hard\libc_nano.a(libc_a-bsearch.o)
                0x0800415e                bsearch
 .text.__libc_init_array
                0x080041a0       0x48 C:/ST/STM32CubeIDE_1.17.0/STM32CubeIDE/plugins/com.st.stm32cube.ide.mcu.externaltools.gnu-tools-for-stm32.12.3.rel1.win32_1.1.0.202410251130/tools/bin/../lib/gcc/arm-none-eabi/12.3.1/../../../../arm-none-eabi/lib/thumb/v7e-m+fp/hard\libc_nano.a(libc_a-init.o)
                0x080041a0                __libc_init_array
 *(.glue_7)
 .glue_7        0x080041e8        0x0 linker stubs
 *(.glue_7t)
 .glue_7t       0x080041e8        0x0 linker stubs
 *(.eh_frame)
 .eh_frame      0x080041e8        0x0 C:/ST/STM32CubeIDE_1.17.0/STM32CubeIDE/plugins/com.st.stm32cube.ide.mcu.externaltools.gnu-tools-for-stm32.12.3.rel1.win32_1.1.0.202410251130/tools/bin/../lib/gcc/arm-none-eabi/12.3.1/thumb/v7e-m+fp/hard/crtbegin.o
 *(.init)
 .init          0x080041e8        0x4 C:/ST/STM32CubeIDE_1.17.0/STM32CubeIDE/plugins/com.st.stm32cube.ide.mcu.externaltools.gnu-tools-for-stm32.12.3.rel1.win32_1.1.0.202410251130/tools/bin/../lib/gcc/arm-none-eabi/12.3.1/thumb/v7e-m+fp/hard/crti.o
                0x080041e8                _init
 .init          0x080041ec        0x8 C:/ST/STM32CubeIDE_1.17.0/STM32CubeIDE/plugins/com.st.stm32cube.ide.mcu.externaltools.gnu-tools-for-stm32.12.3.rel1.win32_1.1.0.202410251130/tools/bin/../lib/gcc/arm-none-eabi/12.3.1/thumb/v7e-m+fp/hard/crtn.o
 *(.fini)
 .fini          0x080041f4        0x4 C:/ST/STM32CubeIDE_1.17.0/STM32CubeIDE/plugins/com.st.stm32cube.ide.mcu.externaltools.gnu-tools-for-stm32.12.3.rel1.win32_1.1.0.202410251130/tools/bin/../lib/gcc/arm-none-eabi/12.3.1/thumb/v7e-m+fp/hard/crti.o
                0x080041f4                _fini
 .fini          0x080041f8        0x8 C:/ST/STM32CubeIDE_1.17.0/STM32CubeIDE/plugins/com.st.stm32cube.ide.mcu.externaltools.gnu-tools-for-stm32.12.3.rel1.win32_1.1.0.202410251130/tools/bin/../lib/gcc/arm-none-eabi/12.3.1/thumb/v7e-m+fp/hard/crtn.o
                0x08004200                        . = ALIGN (0x4)
                0x08004200                        _etext = .

.vfp11_veneer   0x08004200        0x0
 .vfp11_veneer  0x08004200        0x0 linker stubs

.v4_bx          0x08004200        0x0
 .v4_bx         0x08004200        0x0 linker stubs

.iplt           0x08004200        0x0
 .iplt          0x08004200        0x0 C:/ST/STM32CubeIDE_1.17.0/STM32CubeIDE/plugins/com.st.stm32cube.ide.mcu.externaltools.gnu-tools-for-stm32.12.3.rel1.win32_1.1.0.202410251130/tools/bin/../lib/gcc/arm-none-eabi/12.3.1/thumb/v7e-m+fp/hard/crtbegin.o

.rodata         0x08004200      0x60c
                0x08004200                        . = ALIGN (0x4)
 *(.rodata)
 *(.rodata*)
 .rodata.DMA_Configuration
                0x08004200      0x3fc ./Driver/I2C/I2C.o
 .rodata.wCRCTable.0
                0x080045fc      0x200 ./Middleware/Modbus/Modbus.o
 .rodata.AHBPrescTable
                0x080047fc       0x10 ./Src/system_stm32f4xx.o
                0x080047fc                AHBPrescTable
                0x0800480c                        . = ALIGN (0x4)

.ARM.extab      0x0800480c        0x0
                0x0800480c                        . = ALIGN (0x4)
 *(.ARM.extab* .gnu.linkonce.armextab.*)
                0x0800480c                        . = ALIGN (0x4)

.ARM            0x0800480c        0x0
                0x0800480c                        . = ALIGN (0x4)
                0x0800480c                        __exidx_start = .
 *(.ARM.exidx*)
                0x0800480c                        __exidx_end = .
                0x0800480c                        . = ALIGN (0x4)

.preinit_array  0x0800480c        0x0
                0x0800480c                        . = ALIGN (0x4)
                0x0800480c                        PROVIDE (__preinit_array_start = .)
 *(.preinit_array*)
                0x0800480c                        PROVIDE (__preinit_array_end = .)
                0x0800480c                        . = ALIGN (0x4)

.init_array     0x0800480c        0x4
                0x0800480c                        . = ALIGN (0x4)
                0x0800480c                        PROVIDE (__init_array_start = .)
 *(SORT_BY_NAME(.init_array.*))
 *(.init_array*)
 .init_array    0x0800480c        0x4 C:/ST/STM32CubeIDE_1.17.0/STM32CubeIDE/plugins/com.st.stm32cube.ide.mcu.externaltools.gnu-tools-for-stm32.12.3.rel1.win32_1.1.0.202410251130/tools/bin/../lib/gcc/arm-none-eabi/12.3.1/thumb/v7e-m+fp/hard/crtbegin.o
                0x08004810                        PROVIDE (__init_array_end = .)
                0x08004810                        . = ALIGN (0x4)

.fini_array     0x08004810        0x4
                0x08004810                        . = ALIGN (0x4)
                [!provide]                        PROVIDE (__fini_array_start = .)
 *(SORT_BY_NAME(.fini_array.*))
 *(.fini_array*)
 .fini_array    0x08004810        0x4 C:/ST/STM32CubeIDE_1.17.0/STM32CubeIDE/plugins/com.st.stm32cube.ide.mcu.externaltools.gnu-tools-for-stm32.12.3.rel1.win32_1.1.0.202410251130/tools/bin/../lib/gcc/arm-none-eabi/12.3.1/thumb/v7e-m+fp/hard/crtbegin.o
                [!provide]                        PROVIDE (__fini_array_end = .)
                0x08004814                        . = ALIGN (0x4)
                0x08004814                        _sidata = LOADADDR (.data)

.rel.dyn        0x08004814        0x0
 .rel.iplt      0x08004814        0x0 C:/ST/STM32CubeIDE_1.17.0/STM32CubeIDE/plugins/com.st.stm32cube.ide.mcu.externaltools.gnu-tools-for-stm32.12.3.rel1.win32_1.1.0.202410251130/tools/bin/../lib/gcc/arm-none-eabi/12.3.1/thumb/v7e-m+fp/hard/crtbegin.o

.data           0x20000000      0x11c load address 0x08004814
                0x20000000                        . = ALIGN (0x4)
                0x20000000                        _sdata = .
 *(.data)
 *(.data*)
 .data.RTable   0x20000000      0x118 ./Application_Layer/App.o
                0x20000000                RTable
 .data.SystemCoreClock
                0x20000118        0x4 ./Src/system_stm32f4xx.o
                0x20000118                SystemCoreClock
 *(.RamFunc)
 *(.RamFunc*)
                0x2000011c                        . = ALIGN (0x4)
                0x2000011c                        _edata = .
                0x08004930                        _siccmram = LOADADDR (.ccmram)

.igot.plt       0x2000011c        0x0 load address 0x08004930
 .igot.plt      0x2000011c        0x0 C:/ST/STM32CubeIDE_1.17.0/STM32CubeIDE/plugins/com.st.stm32cube.ide.mcu.externaltools.gnu-tools-for-stm32.12.3.rel1.win32_1.1.0.202410251130/tools/bin/../lib/gcc/arm-none-eabi/12.3.1/thumb/v7e-m+fp/hard/crtbegin.o

.ccmram         0x10000000        0x0 load address 0x08004930
                0x10000000                        . = ALIGN (0x4)
                0x10000000                        _sccmram = .
 *(.ccmram)
 *(.ccmram*)
                0x10000000                        . = ALIGN (0x4)
                0x10000000                        _eccmram = .
                0x10000000                        . = ALIGN (0x4)

.bss            0x2000011c      0x67c
                0x2000011c                        _sbss = .
                0x2000011c                        __bss_start__ = _sbss
 *(.bss)
 .bss           0x2000011c       0x1c C:/ST/STM32CubeIDE_1.17.0/STM32CubeIDE/plugins/com.st.stm32cube.ide.mcu.externaltools.gnu-tools-for-stm32.12.3.rel1.win32_1.1.0.202410251130/tools/bin/../lib/gcc/arm-none-eabi/12.3.1/thumb/v7e-m+fp/hard/crtbegin.o
 *(.bss*)
 .bss.IMUv100_Modbus
                0x20000138      0x2b0 ./Application_Layer/App.o
                0x20000138                IMUv100_Modbus
 .bss.I2S2_RX_DMA_Flag
                0x200003e8        0x6 ./Driver/DMA/DMA.o
                0x200003e8                I2S2_RX_DMA_Flag
 *fill*         0x200003ee        0x2 
 .bss.I2S2_TX_DMA_Flag
                0x200003f0        0x6 ./Driver/DMA/DMA.o
                0x200003f0                I2S2_TX_DMA_Flag
 *fill*         0x200003f6        0x2 
 .bss.I2S3_TX_DMA_Flag
                0x200003f8        0x6 ./Driver/DMA/DMA.o
                0x200003f8                I2S3_TX_DMA_Flag
 *fill*         0x200003fe        0x2 
 .bss.I2C1_RX_DMA_Flag
                0x20000400        0x6 ./Driver/DMA/DMA.o
                0x20000400                I2C1_RX_DMA_Flag
 *fill*         0x20000406        0x2 
 .bss.I2C1_TX_DMA_Flag
                0x20000408        0x6 ./Driver/DMA/DMA.o
                0x20000408                I2C1_TX_DMA_Flag
 *fill*         0x2000040e        0x2 
 .bss.I2C2_TX_DMA_Flag
                0x20000410        0x6 ./Driver/DMA/DMA.o
                0x20000410                I2C2_TX_DMA_Flag
 *fill*         0x20000416        0x2 
 .bss.I2C3_TX_DMA_Flag
                0x20000418        0x6 ./Driver/DMA/DMA.o
                0x20000418                I2C3_TX_DMA_Flag
 *fill*         0x2000041e        0x2 
 .bss.SPI1_RX_DMA_Flag
                0x20000420        0x6 ./Driver/DMA/DMA.o
                0x20000420                SPI1_RX_DMA_Flag
 *fill*         0x20000426        0x2 
 .bss.SPI2_RX_DMA_Flag
                0x20000428        0x6 ./Driver/DMA/DMA.o
                0x20000428                SPI2_RX_DMA_Flag
 *fill*         0x2000042e        0x2 
 .bss.SPI3_RX_DMA_Flag
                0x20000430        0x6 ./Driver/DMA/DMA.o
                0x20000430                SPI3_RX_DMA_Flag
 *fill*         0x20000436        0x2 
 .bss.SPI1_TX_DMA_Flag
                0x20000438        0x6 ./Driver/DMA/DMA.o
                0x20000438                SPI1_TX_DMA_Flag
 *fill*         0x2000043e        0x2 
 .bss.SPI2_TX_DMA_Flag
                0x20000440        0x6 ./Driver/DMA/DMA.o
                0x20000440                SPI2_TX_DMA_Flag
 *fill*         0x20000446        0x2 
 .bss.SPI3_TX_DMA_Flag
                0x20000448        0x6 ./Driver/DMA/DMA.o
                0x20000448                SPI3_TX_DMA_Flag
 *fill*         0x2000044e        0x2 
 .bss.USART1_RX_DMA_Flag
                0x20000450        0x6 ./Driver/DMA/DMA.o
                0x20000450                USART1_RX_DMA_Flag
 *fill*         0x20000456        0x2 
 .bss.USART1_TX_DMA_Flag
                0x20000458        0x6 ./Driver/DMA/DMA.o
                0x20000458                USART1_TX_DMA_Flag
 *fill*         0x2000045e        0x2 
 .bss.USART2_RX_DMA_Flag
                0x20000460        0x6 ./Driver/DMA/DMA.o
                0x20000460                USART2_RX_DMA_Flag
 *fill*         0x20000466        0x2 
 .bss.USART2_TX_DMA_Flag
                0x20000468        0x6 ./Driver/DMA/DMA.o
                0x20000468                USART2_TX_DMA_Flag
 *fill*         0x2000046e        0x2 
 .bss.USART3_RX_DMA_Flag
                0x20000470        0x6 ./Driver/DMA/DMA.o
                0x20000470                USART3_RX_DMA_Flag
 *fill*         0x20000476        0x2 
 .bss.USART3_TX_DMA_Flag
                0x20000478        0x6 ./Driver/DMA/DMA.o
                0x20000478                USART3_TX_DMA_Flag
 *fill*         0x2000047e        0x2 
 .bss.USART4_TX_DMA_Flag
                0x20000480        0x6 ./Driver/DMA/DMA.o
                0x20000480                USART4_TX_DMA_Flag
 *fill*         0x20000486        0x2 
 .bss.USART5_RX_DMA_Flag
                0x20000488        0x6 ./Driver/DMA/DMA.o
                0x20000488                USART5_RX_DMA_Flag
 *fill*         0x2000048e        0x2 
 .bss.USART5_TX_DMA_Flag
                0x20000490        0x6 ./Driver/DMA/DMA.o
                0x20000490                USART5_TX_DMA_Flag
 *fill*         0x20000496        0x2 
 .bss.USART6_RX_DMA_Flag
                0x20000498        0x6 ./Driver/DMA/DMA.o
                0x20000498                USART6_RX_DMA_Flag
 *fill*         0x2000049e        0x2 
 .bss.USART6_TX_DMA_Flag
                0x200004a0        0x6 ./Driver/DMA/DMA.o
                0x200004a0                USART6_TX_DMA_Flag
 *fill*         0x200004a6        0x2 
 .bss.USART7_RX_DMA_Flag
                0x200004a8        0x6 ./Driver/DMA/DMA.o
                0x200004a8                USART7_RX_DMA_Flag
 *fill*         0x200004ae        0x2 
 .bss.USART8_RX_DMA_Flag
                0x200004b0        0x6 ./Driver/DMA/DMA.o
                0x200004b0                USART8_RX_DMA_Flag
 *fill*         0x200004b6        0x2 
 .bss.TIM1_UP_DMA_Flag
                0x200004b8        0x6 ./Driver/DMA/DMA.o
                0x200004b8                TIM1_UP_DMA_Flag
 *fill*         0x200004be        0x2 
 .bss.TIM1_CH1_DMA_Flag
                0x200004c0        0x6 ./Driver/DMA/DMA.o
                0x200004c0                TIM1_CH1_DMA_Flag
 *fill*         0x200004c6        0x2 
 .bss.TIM1_CH2_DMA_Flag
                0x200004c8        0x6 ./Driver/DMA/DMA.o
                0x200004c8                TIM1_CH2_DMA_Flag
 *fill*         0x200004ce        0x2 
 .bss.TIM1_CH3_DMA_Flag
                0x200004d0        0x6 ./Driver/DMA/DMA.o
                0x200004d0                TIM1_CH3_DMA_Flag
 *fill*         0x200004d6        0x2 
 .bss.TIM1_CH4_DMA_Flag
                0x200004d8        0x6 ./Driver/DMA/DMA.o
                0x200004d8                TIM1_CH4_DMA_Flag
 *fill*         0x200004de        0x2 
 .bss.TIM1_TRIG_DMA_Flag
                0x200004e0        0x6 ./Driver/DMA/DMA.o
                0x200004e0                TIM1_TRIG_DMA_Flag
 *fill*         0x200004e6        0x2 
 .bss.TIM1_COM_DMA_Flag
                0x200004e8        0x6 ./Driver/DMA/DMA.o
                0x200004e8                TIM1_COM_DMA_Flag
 *fill*         0x200004ee        0x2 
 .bss.TIM8_UP_DMA_Flag
                0x200004f0        0x6 ./Driver/DMA/DMA.o
                0x200004f0                TIM8_UP_DMA_Flag
 *fill*         0x200004f6        0x2 
 .bss.TIM8_CH1_DMA_Flag
                0x200004f8        0x6 ./Driver/DMA/DMA.o
                0x200004f8                TIM8_CH1_DMA_Flag
 *fill*         0x200004fe        0x2 
 .bss.TIM8_CH2_DMA_Flag
                0x20000500        0x6 ./Driver/DMA/DMA.o
                0x20000500                TIM8_CH2_DMA_Flag
 *fill*         0x20000506        0x2 
 .bss.TIM8_CH3_DMA_Flag
                0x20000508        0x6 ./Driver/DMA/DMA.o
                0x20000508                TIM8_CH3_DMA_Flag
 *fill*         0x2000050e        0x2 
 .bss.TIM8_CH4_DMA_Flag
                0x20000510        0x6 ./Driver/DMA/DMA.o
                0x20000510                TIM8_CH4_DMA_Flag
 *fill*         0x20000516        0x2 
 .bss.TIM8_TRIG_DMA_Flag
                0x20000518        0x6 ./Driver/DMA/DMA.o
                0x20000518                TIM8_TRIG_DMA_Flag
 *fill*         0x2000051e        0x2 
 .bss.TIM8_COM_DMA_Flag
                0x20000520        0x6 ./Driver/DMA/DMA.o
                0x20000520                TIM8_COM_DMA_Flag
 *fill*         0x20000526        0x2 
 .bss.TIM2_UP_DMA_Flag
                0x20000528        0x6 ./Driver/DMA/DMA.o
                0x20000528                TIM2_UP_DMA_Flag
 *fill*         0x2000052e        0x2 
 .bss.TIM2_CH1_DMA_Flag
                0x20000530        0x6 ./Driver/DMA/DMA.o
                0x20000530                TIM2_CH1_DMA_Flag
 *fill*         0x20000536        0x2 
 .bss.TIM2_CH2_DMA_Flag
                0x20000538        0x6 ./Driver/DMA/DMA.o
                0x20000538                TIM2_CH2_DMA_Flag
 *fill*         0x2000053e        0x2 
 .bss.TIM2_CH3_DMA_Flag
                0x20000540        0x6 ./Driver/DMA/DMA.o
                0x20000540                TIM2_CH3_DMA_Flag
 *fill*         0x20000546        0x2 
 .bss.TIM2_CH4_DMA_Flag
                0x20000548        0x6 ./Driver/DMA/DMA.o
                0x20000548                TIM2_CH4_DMA_Flag
 *fill*         0x2000054e        0x2 
 .bss.TIM3_CH1_DMA_Flag
                0x20000550        0x6 ./Driver/DMA/DMA.o
                0x20000550                TIM3_CH1_DMA_Flag
 *fill*         0x20000556        0x2 
 .bss.TIM3_CH2_DMA_Flag
                0x20000558        0x6 ./Driver/DMA/DMA.o
                0x20000558                TIM3_CH2_DMA_Flag
 *fill*         0x2000055e        0x2 
 .bss.TIM3_CH3_DMA_Flag
                0x20000560        0x6 ./Driver/DMA/DMA.o
                0x20000560                TIM3_CH3_DMA_Flag
 *fill*         0x20000566        0x2 
 .bss.TIM3_TRIG_DMA_Flag
                0x20000568        0x6 ./Driver/DMA/DMA.o
                0x20000568                TIM3_TRIG_DMA_Flag
 *fill*         0x2000056e        0x2 
 .bss.TIM4_CH1_DMA_Flag
                0x20000570        0x6 ./Driver/DMA/DMA.o
                0x20000570                TIM4_CH1_DMA_Flag
 *fill*         0x20000576        0x2 
 .bss.TIM4_CH2_DMA_Flag
                0x20000578        0x6 ./Driver/DMA/DMA.o
                0x20000578                TIM4_CH2_DMA_Flag
 *fill*         0x2000057e        0x2 
 .bss.TIM4_CH3_DMA_Flag
                0x20000580        0x6 ./Driver/DMA/DMA.o
                0x20000580                TIM4_CH3_DMA_Flag
 *fill*         0x20000586        0x2 
 .bss.TIM5_CH2_DMA_Flag
                0x20000588        0x6 ./Driver/DMA/DMA.o
                0x20000588                TIM5_CH2_DMA_Flag
 *fill*         0x2000058e        0x2 
 .bss.TIM5_CH3_DMA_Flag
                0x20000590        0x6 ./Driver/DMA/DMA.o
                0x20000590                TIM5_CH3_DMA_Flag
 *fill*         0x20000596        0x2 
 .bss.TIM5_TRIG_DMA_Flag
                0x20000598        0x6 ./Driver/DMA/DMA.o
                0x20000598                TIM5_TRIG_DMA_Flag
 *fill*         0x2000059e        0x2 
 .bss.TIM6_UP_DMA_Flag
                0x200005a0        0x6 ./Driver/DMA/DMA.o
                0x200005a0                TIM6_UP_DMA_Flag
 *fill*         0x200005a6        0x2 
 .bss.DAC2_DMA_Flag
                0x200005a8        0x6 ./Driver/DMA/DMA.o
                0x200005a8                DAC2_DMA_Flag
 *fill*         0x200005ae        0x2 
 .bss.SDIO_RXTX_DMA_Flag
                0x200005b0        0x6 ./Driver/DMA/DMA.o
                0x200005b0                SDIO_RXTX_DMA_Flag
 *fill*         0x200005b6        0x2 
 .bss.DCMI_DMA_Flag
                0x200005b8        0x6 ./Driver/DMA/DMA.o
                0x200005b8                DCMI_DMA_Flag
 *fill*         0x200005be        0x2 
 .bss.ADC1_DMA_Flag
                0x200005c0        0x6 ./Driver/DMA/DMA.o
                0x200005c0                ADC1_DMA_Flag
 *fill*         0x200005c6        0x2 
 .bss.ADC2_DMA_Flag
                0x200005c8        0x6 ./Driver/DMA/DMA.o
                0x200005c8                ADC2_DMA_Flag
 *fill*         0x200005ce        0x2 
 .bss.ADC3_DMA_Flag
                0x200005d0        0x6 ./Driver/DMA/DMA.o
                0x200005d0                ADC3_DMA_Flag
 *fill*         0x200005d6        0x2 
 .bss.DMA1_Stream0_Flag
                0x200005d8        0x6 ./Driver/DMA/DMA.o
                0x200005d8                DMA1_Stream0_Flag
 *fill*         0x200005de        0x2 
 .bss.DMA1_Stream1_Flag
                0x200005e0        0x6 ./Driver/DMA/DMA.o
                0x200005e0                DMA1_Stream1_Flag
 *fill*         0x200005e6        0x2 
 .bss.DMA1_Stream2_Flag
                0x200005e8        0x6 ./Driver/DMA/DMA.o
                0x200005e8                DMA1_Stream2_Flag
 *fill*         0x200005ee        0x2 
 .bss.DMA1_Stream3_Flag
                0x200005f0        0x6 ./Driver/DMA/DMA.o
                0x200005f0                DMA1_Stream3_Flag
 *fill*         0x200005f6        0x2 
 .bss.DMA1_Stream4_Flag
                0x200005f8        0x6 ./Driver/DMA/DMA.o
                0x200005f8                DMA1_Stream4_Flag
 *fill*         0x200005fe        0x2 
 .bss.DMA1_Stream5_Flag
                0x20000600        0x6 ./Driver/DMA/DMA.o
                0x20000600                DMA1_Stream5_Flag
 *fill*         0x20000606        0x2 
 .bss.DMA1_Stream6_Flag
                0x20000608        0x6 ./Driver/DMA/DMA.o
                0x20000608                DMA1_Stream6_Flag
 *fill*         0x2000060e        0x2 
 .bss.DMA1_Stream7_Flag
                0x20000610        0x6 ./Driver/DMA/DMA.o
                0x20000610                DMA1_Stream7_Flag
 *fill*         0x20000616        0x2 
 .bss.DMA2_Stream0_Flag
                0x20000618        0x6 ./Driver/DMA/DMA.o
                0x20000618                DMA2_Stream0_Flag
 *fill*         0x2000061e        0x2 
 .bss.DMA2_Stream1_Flag
                0x20000620        0x6 ./Driver/DMA/DMA.o
                0x20000620                DMA2_Stream1_Flag
 *fill*         0x20000626        0x2 
 .bss.DMA2_Stream2_Flag
                0x20000628        0x6 ./Driver/DMA/DMA.o
                0x20000628                DMA2_Stream2_Flag
 *fill*         0x2000062e        0x2 
 .bss.DMA2_Stream3_Flag
                0x20000630        0x6 ./Driver/DMA/DMA.o
                0x20000630                DMA2_Stream3_Flag
 *fill*         0x20000636        0x2 
 .bss.DMA2_Stream4_Flag
                0x20000638        0x6 ./Driver/DMA/DMA.o
                0x20000638                DMA2_Stream4_Flag
 *fill*         0x2000063e        0x2 
 .bss.DMA2_Stream5_Flag
                0x20000640        0x6 ./Driver/DMA/DMA.o
                0x20000640                DMA2_Stream5_Flag
 *fill*         0x20000646        0x2 
 .bss.DMA2_Stream6_Flag
                0x20000648        0x6 ./Driver/DMA/DMA.o
                0x20000648                DMA2_Stream6_Flag
 *fill*         0x2000064e        0x2 
 .bss.DMA2_Stream7_Flag
                0x20000650        0x6 ./Driver/DMA/DMA.o
                0x20000650                DMA2_Stream7_Flag
 *fill*         0x20000656        0x2 
 .bss.EXTI_ISR  0x20000658       0x40 ./Driver/GPIO/GPIO.o
                0x20000658                EXTI_ISR
 .bss.xI2C1_RX  0x20000698       0x38 ./Driver/I2C/I2C.o
                0x20000698                xI2C1_RX
 .bss.xI2C2_RX  0x200006d0       0x38 ./Driver/I2C/I2C.o
                0x200006d0                xI2C2_RX
 .bss.xI2C3_RX  0x20000708       0x38 ./Driver/I2C/I2C.o
                0x20000708                xI2C3_RX
 .bss.__timer_1_config__
                0x20000740        0x4 ./Driver/Timer/Timer.o
                0x20000740                __timer_1_config__
 .bss.__timer_2_config__
                0x20000744        0x4 ./Driver/Timer/Timer.o
                0x20000744                __timer_2_config__
 .bss.__timer_3_config__
                0x20000748        0x4 ./Driver/Timer/Timer.o
                0x20000748                __timer_3_config__
 .bss.__timer_4_config__
                0x2000074c        0x4 ./Driver/Timer/Timer.o
                0x2000074c                __timer_4_config__
 .bss.__timer_5_config__
                0x20000750        0x4 ./Driver/Timer/Timer.o
                0x20000750                __timer_5_config__
 .bss.__timer_6_config__
                0x20000754        0x4 ./Driver/Timer/Timer.o
                0x20000754                __timer_6_config__
 .bss.__timer_7_config__
                0x20000758        0x4 ./Driver/Timer/Timer.o
                0x20000758                __timer_7_config__
 .bss.__timer_8_config__
                0x2000075c        0x4 ./Driver/Timer/Timer.o
                0x2000075c                __timer_8_config__
 .bss.__timer_9_config__
                0x20000760        0x4 ./Driver/Timer/Timer.o
                0x20000760                __timer_9_config__
 .bss.__timer_10_config__
                0x20000764        0x4 ./Driver/Timer/Timer.o
                0x20000764                __timer_10_config__
 .bss.__timer_11_config__
                0x20000768        0x4 ./Driver/Timer/Timer.o
                0x20000768                __timer_11_config__
 .bss.__timer_12_config__
                0x2000076c        0x4 ./Driver/Timer/Timer.o
                0x2000076c                __timer_12_config__
 .bss.__timer_13_config__
                0x20000770        0x4 ./Driver/Timer/Timer.o
                0x20000770                __timer_13_config__
 .bss.__timer_14_config__
                0x20000774        0x4 ./Driver/Timer/Timer.o
                0x20000774                __timer_14_config__
 .bss.__usart_1_config__
                0x20000778        0x4 ./Driver/USART/USART.o
                0x20000778                __usart_1_config__
 .bss.__usart_4_config__
                0x2000077c        0x4 ./Driver/USART/USART.o
                0x2000077c                __usart_4_config__
 .bss.USART_SR  0x20000780        0x2 ./Driver/USART/USART.o
                0x20000780                USART_SR
 .bss.State     0x20000782        0x1 ./Src/main.o
                0x20000782                State
 *fill*         0x20000783        0x1 
 .bss.mpu6050   0x20000784       0x10 ./Src/main.o
                0x20000784                mpu6050
 .bss.mpu_data_ready_flag
                0x20000794        0x1 ./Src/main.o
                0x20000794                mpu_data_ready_flag
 *(COMMON)
                0x20000798                        . = ALIGN (0x4)
 *fill*         0x20000795        0x3 
                0x20000798                        _ebss = .
                0x20000798                        __bss_end__ = _ebss

._user_heap_stack
                0x20000798      0x600
                0x20000798                        . = ALIGN (0x8)
                [!provide]                        PROVIDE (end = .)
                0x20000798                        PROVIDE (_end = .)
                0x20000998                        . = (. + _Min_Heap_Size)
 *fill*         0x20000798      0x200 
                0x20000d98                        . = (. + _Min_Stack_Size)
 *fill*         0x20000998      0x400 
                0x20000d98                        . = ALIGN (0x8)

/DISCARD/
 libc.a(*)
 libm.a(*)
 libgcc.a(*)

.ARM.attributes
                0x00000000       0x30
 *(.ARM.attributes)
 .ARM.attributes
                0x00000000       0x22 C:/ST/STM32CubeIDE_1.17.0/STM32CubeIDE/plugins/com.st.stm32cube.ide.mcu.externaltools.gnu-tools-for-stm32.12.3.rel1.win32_1.1.0.202410251130/tools/bin/../lib/gcc/arm-none-eabi/12.3.1/thumb/v7e-m+fp/hard/crti.o
 .ARM.attributes
                0x00000022       0x34 C:/ST/STM32CubeIDE_1.17.0/STM32CubeIDE/plugins/com.st.stm32cube.ide.mcu.externaltools.gnu-tools-for-stm32.12.3.rel1.win32_1.1.0.202410251130/tools/bin/../lib/gcc/arm-none-eabi/12.3.1/thumb/v7e-m+fp/hard/crtbegin.o
 .ARM.attributes
                0x00000056       0x34 ./Application_Layer/App.o
 .ARM.attributes
                0x0000008a       0x34 ./Driver/DMA/DMA.o
 .ARM.attributes
                0x000000be       0x34 ./Driver/GPIO/GPIO.o
 .ARM.attributes
                0x000000f2       0x34 ./Driver/I2C/I2C.o
 .ARM.attributes
                0x00000126       0x34 ./Driver/Timer/Timer.o
 .ARM.attributes
                0x0000015a       0x34 ./Driver/USART/USART.o
 .ARM.attributes
                0x0000018e       0x34 ./Middleware/Modbus/Modbus.o
 .ARM.attributes
                0x000001c2       0x34 ./Src/main.o
 .ARM.attributes
                0x000001f6       0x34 ./Src/system_stm32f4xx.o
 .ARM.attributes
                0x0000022a       0x21 ./Startup/startup_stm32f407vgtx.o
 .ARM.attributes
                0x0000024b       0x34 C:/ST/STM32CubeIDE_1.17.0/STM32CubeIDE/plugins/com.st.stm32cube.ide.mcu.externaltools.gnu-tools-for-stm32.12.3.rel1.win32_1.1.0.202410251130/tools/bin/../lib/gcc/arm-none-eabi/12.3.1/../../../../arm-none-eabi/lib/thumb/v7e-m+fp/hard\libc_nano.a(libc_a-bsearch.o)
 .ARM.attributes
                0x0000027f       0x34 C:/ST/STM32CubeIDE_1.17.0/STM32CubeIDE/plugins/com.st.stm32cube.ide.mcu.externaltools.gnu-tools-for-stm32.12.3.rel1.win32_1.1.0.202410251130/tools/bin/../lib/gcc/arm-none-eabi/12.3.1/../../../../arm-none-eabi/lib/thumb/v7e-m+fp/hard\libc_nano.a(libc_a-init.o)
 .ARM.attributes
                0x000002b3       0x22 C:/ST/STM32CubeIDE_1.17.0/STM32CubeIDE/plugins/com.st.stm32cube.ide.mcu.externaltools.gnu-tools-for-stm32.12.3.rel1.win32_1.1.0.202410251130/tools/bin/../lib/gcc/arm-none-eabi/12.3.1/thumb/v7e-m+fp/hard/crtn.o
OUTPUT(IMU_V100.elf elf32-littlearm)
LOAD linker stubs
LOAD C:/ST/STM32CubeIDE_1.17.0/STM32CubeIDE/plugins/com.st.stm32cube.ide.mcu.externaltools.gnu-tools-for-stm32.12.3.rel1.win32_1.1.0.202410251130/tools/bin/../lib/gcc/arm-none-eabi/12.3.1/../../../../arm-none-eabi/lib/thumb/v7e-m+fp/hard\libc.a
LOAD C:/ST/STM32CubeIDE_1.17.0/STM32CubeIDE/plugins/com.st.stm32cube.ide.mcu.externaltools.gnu-tools-for-stm32.12.3.rel1.win32_1.1.0.202410251130/tools/bin/../lib/gcc/arm-none-eabi/12.3.1/../../../../arm-none-eabi/lib/thumb/v7e-m+fp/hard\libm.a
LOAD C:/ST/STM32CubeIDE_1.17.0/STM32CubeIDE/plugins/com.st.stm32cube.ide.mcu.externaltools.gnu-tools-for-stm32.12.3.rel1.win32_1.1.0.202410251130/tools/bin/../lib/gcc/arm-none-eabi/12.3.1/thumb/v7e-m+fp/hard\libgcc.a

.debug_info     0x00000000     0xffdd
 .debug_info    0x00000000     0x1bd3 ./Application_Layer/App.o
 .debug_info    0x00001bd3     0x1a0a ./Driver/DMA/DMA.o
 .debug_info    0x000035dd      0xfca ./Driver/GPIO/GPIO.o
 .debug_info    0x000045a7     0x1907 ./Driver/I2C/I2C.o
 .debug_info    0x00005eae     0x2532 ./Driver/Timer/Timer.o
 .debug_info    0x000083e0     0x2541 ./Driver/USART/USART.o
 .debug_info    0x0000a921     0x25f9 ./Middleware/Modbus/Modbus.o
 .debug_info    0x0000cf1a     0x2b88 ./Src/main.o
 .debug_info    0x0000faa2      0x50b ./Src/system_stm32f4xx.o
 .debug_info    0x0000ffad       0x30 ./Startup/startup_stm32f407vgtx.o

.debug_abbrev   0x00000000     0x17fd
 .debug_abbrev  0x00000000      0x238 ./Application_Layer/App.o
 .debug_abbrev  0x00000238      0x23f ./Driver/DMA/DMA.o
 .debug_abbrev  0x00000477      0x275 ./Driver/GPIO/GPIO.o
 .debug_abbrev  0x000006ec      0x32e ./Driver/I2C/I2C.o
 .debug_abbrev  0x00000a1a      0x30c ./Driver/Timer/Timer.o
 .debug_abbrev  0x00000d26      0x351 ./Driver/USART/USART.o
 .debug_abbrev  0x00001077      0x35e ./Middleware/Modbus/Modbus.o
 .debug_abbrev  0x000013d5      0x2ea ./Src/main.o
 .debug_abbrev  0x000016bf      0x11a ./Src/system_stm32f4xx.o
 .debug_abbrev  0x000017d9       0x24 ./Startup/startup_stm32f407vgtx.o

.debug_aranges  0x00000000      0x588
 .debug_aranges
                0x00000000       0x28 ./Application_Layer/App.o
 .debug_aranges
                0x00000028       0xe0 ./Driver/DMA/DMA.o
 .debug_aranges
                0x00000108       0x80 ./Driver/GPIO/GPIO.o
 .debug_aranges
                0x00000188       0xa8 ./Driver/I2C/I2C.o
 .debug_aranges
                0x00000230      0x168 ./Driver/Timer/Timer.o
 .debug_aranges
                0x00000398       0x98 ./Driver/USART/USART.o
 .debug_aranges
                0x00000430       0xc0 ./Middleware/Modbus/Modbus.o
 .debug_aranges
                0x000004f0       0x48 ./Src/main.o
 .debug_aranges
                0x00000538       0x28 ./Src/system_stm32f4xx.o
 .debug_aranges
                0x00000560       0x28 ./Startup/startup_stm32f407vgtx.o

.debug_rnglists
                0x00000000      0x441
 .debug_rnglists
                0x00000000       0x1b ./Application_Layer/App.o
 .debug_rnglists
                0x0000001b       0xb7 ./Driver/DMA/DMA.o
 .debug_rnglists
                0x000000d2       0x5f ./Driver/GPIO/GPIO.o
 .debug_rnglists
                0x00000131       0x7f ./Driver/I2C/I2C.o
 .debug_rnglists
                0x000001b0      0x122 ./Driver/Timer/Timer.o
 .debug_rnglists
                0x000002d2       0x76 ./Driver/USART/USART.o
 .debug_rnglists
                0x00000348       0x93 ./Middleware/Modbus/Modbus.o
 .debug_rnglists
                0x000003db       0x33 ./Src/main.o
 .debug_rnglists
                0x0000040e       0x1a ./Src/system_stm32f4xx.o
 .debug_rnglists
                0x00000428       0x19 ./Startup/startup_stm32f407vgtx.o

.debug_macro    0x00000000    0x1aa9d
 .debug_macro   0x00000000      0x2b9 ./Application_Layer/App.o
 .debug_macro   0x000002b9      0xaba ./Application_Layer/App.o
 .debug_macro   0x00000d73       0x2f ./Application_Layer/App.o
 .debug_macro   0x00000da2       0x22 ./Application_Layer/App.o
 .debug_macro   0x00000dc4       0x8e ./Application_Layer/App.o
 .debug_macro   0x00000e52       0x51 ./Application_Layer/App.o
 .debug_macro   0x00000ea3      0x103 ./Application_Layer/App.o
 .debug_macro   0x00000fa6       0x6a ./Application_Layer/App.o
 .debug_macro   0x00001010      0x1df ./Application_Layer/App.o
 .debug_macro   0x000011ef       0x1c ./Application_Layer/App.o
 .debug_macro   0x0000120b       0x22 ./Application_Layer/App.o
 .debug_macro   0x0000122d       0xfb ./Application_Layer/App.o
 .debug_macro   0x00001328     0x1011 ./Application_Layer/App.o
 .debug_macro   0x00002339      0x11f ./Application_Layer/App.o
 .debug_macro   0x00002458    0x15e97 ./Application_Layer/App.o
 .debug_macro   0x000182ef       0x97 ./Application_Layer/App.o
 .debug_macro   0x00018386       0x61 ./Application_Layer/App.o
 .debug_macro   0x000183e7       0x2a ./Application_Layer/App.o
 .debug_macro   0x00018411       0x43 ./Application_Layer/App.o
 .debug_macro   0x00018454       0x34 ./Application_Layer/App.o
 .debug_macro   0x00018488       0x16 ./Application_Layer/App.o
 .debug_macro   0x0001849e       0x9e ./Application_Layer/App.o
 .debug_macro   0x0001853c      0x369 ./Application_Layer/App.o
 .debug_macro   0x000188a5      0x10b ./Application_Layer/App.o
 .debug_macro   0x000189b0       0x10 ./Application_Layer/App.o
 .debug_macro   0x000189c0       0x16 ./Application_Layer/App.o
 .debug_macro   0x000189d6       0x43 ./Application_Layer/App.o
 .debug_macro   0x00018a19       0x34 ./Application_Layer/App.o
 .debug_macro   0x00018a4d       0x10 ./Application_Layer/App.o
 .debug_macro   0x00018a5d       0x58 ./Application_Layer/App.o
 .debug_macro   0x00018ab5       0x8e ./Application_Layer/App.o
 .debug_macro   0x00018b43       0x1c ./Application_Layer/App.o
 .debug_macro   0x00018b5f      0x177 ./Application_Layer/App.o
 .debug_macro   0x00018cd6       0x16 ./Application_Layer/App.o
 .debug_macro   0x00018cec       0x16 ./Application_Layer/App.o
 .debug_macro   0x00018d02      0x146 ./Application_Layer/App.o
 .debug_macro   0x00018e48      0x19b ./Application_Layer/App.o
 .debug_macro   0x00018fe3       0x10 ./Application_Layer/App.o
 .debug_macro   0x00018ff3       0x35 ./Application_Layer/App.o
 .debug_macro   0x00019028      0x460 ./Application_Layer/App.o
 .debug_macro   0x00019488       0x16 ./Application_Layer/App.o
 .debug_macro   0x0001949e       0x20 ./Application_Layer/App.o
 .debug_macro   0x000194be       0x16 ./Application_Layer/App.o
 .debug_macro   0x000194d4       0x16 ./Application_Layer/App.o
 .debug_macro   0x000194ea       0x29 ./Application_Layer/App.o
 .debug_macro   0x00019513       0x4c ./Application_Layer/App.o
 .debug_macro   0x0001955f       0x22 ./Application_Layer/App.o
 .debug_macro   0x00019581       0x10 ./Application_Layer/App.o
 .debug_macro   0x00019591       0xa6 ./Application_Layer/App.o
 .debug_macro   0x00019637      0x268 ./Driver/DMA/DMA.o
 .debug_macro   0x0001989f      0x27a ./Driver/GPIO/GPIO.o
 .debug_macro   0x00019b19      0x296 ./Driver/I2C/I2C.o
 .debug_macro   0x00019daf      0x290 ./Driver/Timer/Timer.o
 .debug_macro   0x0001a03f      0x290 ./Driver/USART/USART.o
 .debug_macro   0x0001a2cf      0x2b0 ./Middleware/Modbus/Modbus.o
 .debug_macro   0x0001a57f      0x2e6 ./Src/main.o
 .debug_macro   0x0001a865       0x17 ./Src/main.o
 .debug_macro   0x0001a87c       0xac ./Src/main.o
 .debug_macro   0x0001a928       0xda ./Src/system_stm32f4xx.o
 .debug_macro   0x0001aa02       0x2e ./Src/system_stm32f4xx.o
 .debug_macro   0x0001aa30       0x6d ./Src/system_stm32f4xx.o

.debug_line     0x00000000     0xa12a
 .debug_line    0x00000000      0xc2c ./Application_Layer/App.o
 .debug_line    0x00000c2c     0x15dc ./Driver/DMA/DMA.o
 .debug_line    0x00002208      0xb7b ./Driver/GPIO/GPIO.o
 .debug_line    0x00002d83     0x117b ./Driver/I2C/I2C.o
 .debug_line    0x00003efe     0x23ff ./Driver/Timer/Timer.o
 .debug_line    0x000062fd     0x1ead ./Driver/USART/USART.o
 .debug_line    0x000081aa      0xf14 ./Middleware/Modbus/Modbus.o
 .debug_line    0x000090be      0xac0 ./Src/main.o
 .debug_line    0x00009b7e      0x531 ./Src/system_stm32f4xx.o
 .debug_line    0x0000a0af       0x7b ./Startup/startup_stm32f407vgtx.o

.debug_str      0x00000000    0x91b4c
 .debug_str     0x00000000    0x8e9e3 ./Application_Layer/App.o
                              0x8edbc (size before relaxing)
 .debug_str     0x0008e9e3      0xf83 ./Driver/DMA/DMA.o
                              0x8eead (size before relaxing)
 .debug_str     0x0008f966      0x376 ./Driver/GPIO/GPIO.o
                              0x8e5b5 (size before relaxing)
 .debug_str     0x0008fcdc      0x363 ./Driver/I2C/I2C.o
                              0x8e71b (size before relaxing)
 .debug_str     0x0009003f      0xc3a ./Driver/Timer/Timer.o
                              0x8f51c (size before relaxing)
 .debug_str     0x00090c79      0x249 ./Driver/USART/USART.o
                              0x8f24a (size before relaxing)
 .debug_str     0x00090ec2      0x447 ./Middleware/Modbus/Modbus.o
                              0x8eee4 (size before relaxing)
 .debug_str     0x00091309      0x775 ./Src/main.o
                              0x8f9c2 (size before relaxing)
 .debug_str     0x00091a7e       0x8f ./Src/system_stm32f4xx.o
                              0x88582 (size before relaxing)
 .debug_str     0x00091b0d       0x3f ./Startup/startup_stm32f407vgtx.o
                                 0x64 (size before relaxing)

.comment        0x00000000       0x43
 .comment       0x00000000       0x43 ./Application_Layer/App.o
                                 0x44 (size before relaxing)
 .comment       0x00000043       0x44 ./Driver/DMA/DMA.o
 .comment       0x00000043       0x44 ./Driver/GPIO/GPIO.o
 .comment       0x00000043       0x44 ./Driver/I2C/I2C.o
 .comment       0x00000043       0x44 ./Driver/Timer/Timer.o
 .comment       0x00000043       0x44 ./Driver/USART/USART.o
 .comment       0x00000043       0x44 ./Middleware/Modbus/Modbus.o
 .comment       0x00000043       0x44 ./Src/main.o
 .comment       0x00000043       0x44 ./Src/system_stm32f4xx.o

.debug_frame    0x00000000     0x1554
 .debug_frame   0x00000000       0x54 ./Application_Layer/App.o
 .debug_frame   0x00000054      0x378 ./Driver/DMA/DMA.o
 .debug_frame   0x000003cc      0x1cc ./Driver/GPIO/GPIO.o
 .debug_frame   0x00000598      0x2cc ./Driver/I2C/I2C.o
 .debug_frame   0x00000864      0x5ec ./Driver/Timer/Timer.o
 .debug_frame   0x00000e50      0x27c ./Driver/USART/USART.o
 .debug_frame   0x000010cc      0x2ec ./Middleware/Modbus/Modbus.o
 .debug_frame   0x000013b8       0xe0 ./Src/main.o
 .debug_frame   0x00001498       0x58 ./Src/system_stm32f4xx.o
 .debug_frame   0x000014f0       0x38 C:/ST/STM32CubeIDE_1.17.0/STM32CubeIDE/plugins/com.st.stm32cube.ide.mcu.externaltools.gnu-tools-for-stm32.12.3.rel1.win32_1.1.0.202410251130/tools/bin/../lib/gcc/arm-none-eabi/12.3.1/../../../../arm-none-eabi/lib/thumb/v7e-m+fp/hard\libc_nano.a(libc_a-bsearch.o)
 .debug_frame   0x00001528       0x2c C:/ST/STM32CubeIDE_1.17.0/STM32CubeIDE/plugins/com.st.stm32cube.ide.mcu.externaltools.gnu-tools-for-stm32.12.3.rel1.win32_1.1.0.202410251130/tools/bin/../lib/gcc/arm-none-eabi/12.3.1/../../../../arm-none-eabi/lib/thumb/v7e-m+fp/hard\libc_nano.a(libc_a-init.o)

.debug_line_str
                0x00000000       0x48
 .debug_line_str
                0x00000000       0x48 ./Startup/startup_stm32f407vgtx.o
