../Inc/main.h:131:26:Delay_us	16	static
../Middleware/Modbus/Modbus.c:34:17:CRC16	24	static
../Middleware/Modbus/Modbus.c:82:6:Modbus_Slave_Packet_Processor	24	static
../Middleware/Modbus/Modbus.c:167:6:Modbus_USART_IRQ_Handler	16	static,ignoring_inline_asm
../Middleware/Modbus/Modbus.c:206:6:Modbus_Packet_Validate	24	static
../Middleware/Modbus/Modbus.c:227:6:MODBUS_USART1_IRQ	8	static
../Middleware/Modbus/Modbus.c:228:6:MODBUS_USART2_IRQ	8	static
../Middleware/Modbus/Modbus.c:229:6:MODBUS_USART3_IRQ	8	static
../Middleware/Modbus/Modbus.c:230:6:MODBUS_UART4_IRQ	8	static
../Middleware/Modbus/Modbus.c:231:6:MODBUS_UART5_IRQ	8	static
../Middleware/Modbus/Modbus.c:232:6:MODBUS_USART6_IRQ	8	static
../Middleware/Modbus/Modbus.c:238:13:Modbus_Init	24	static
../Middleware/Modbus/Modbus.c:272:13:Modbus_Read_Coil	64	static
