../Inc/main.h:131:26:Delay_us	16	static
../Middleware/Modbus/Modbus.c:34:17:CRC16	24	static
../Middleware/Modbus/Modbus.c:82:6:Modbus_Slave_Packet_Processor	24	static
../Middleware/Modbus/Modbus.c:167:6:Modbus_USART_IRQ_Handler	16	static,ignoring_inline_asm
../Middleware/Modbus/Modbus.c:207:6:Modbus_Packet_Validate	24	static
../Middleware/Modbus/Modbus.c:228:6:MODBUS_USART1_IRQ	8	static
../Middleware/Modbus/Modbus.c:229:6:MODBUS_USART2_IRQ	8	static
../Middleware/Modbus/Modbus.c:230:6:MODBUS_USART3_IRQ	8	static
../Middleware/Modbus/Modbus.c:231:6:MODBUS_UART4_IRQ	8	static
../Middleware/Modbus/Modbus.c:232:6:MODBUS_UART5_IRQ	8	static
../Middleware/Modbus/Modbus.c:233:6:MODBUS_USART6_IRQ	8	static
../Middleware/Modbus/Modbus.c:239:13:Modbus_Init	24	static
../Middleware/Modbus/Modbus.c:272:6:Modbus_Slave_Command_Processor	16	static
../Middleware/Modbus/Modbus.c:277:13:Modbus_Send_Slave_Packet	40	static
../Middleware/Modbus/Modbus.c:298:13:Modbus_Read_Coil	64	static
../Middleware/Modbus/Modbus.c:370:13:Modbus_Read_Discrete_Inputs	64	static
../Middleware/Modbus/Modbus.c:431:13:Modbus_Read_Holding_Registers	56	static
../Middleware/Modbus/Modbus.c:575:5:Compare_Commands	32	static
../Middleware/Modbus/Modbus.c:585:31:Search_Commands	48	static
../Middleware/Modbus/Modbus.c:590:5:Add_Command	32	static
../Middleware/Modbus/Modbus.c:609:31:searchRecord	48	static
