../Middleware/Modbus/Modbus.c:55:17:CRC16	24	static
../Middleware/Modbus/Modbus.c:103:6:Modbus_Packet_Validate	24	static
../Middleware/Modbus/Modbus.c:122:6:Modbus_Slave_Packet_Processor	24	static
../Middleware/Modbus/Modbus.c:208:6:MODBUS_USART1_IRQ	8	static,ignoring_inline_asm
../Middleware/Modbus/Modbus.c:252:6:MODBUS_USART2_IRQ	8	static,ignoring_inline_asm
../Middleware/Modbus/Modbus.c:287:6:MODBUS_USART3_IRQ	8	static,ignoring_inline_asm
../Middleware/Modbus/Modbus.c:325:6:MODBUS_UART4_IRQ	8	static,ignoring_inline_asm
../Middleware/Modbus/Modbus.c:355:6:MODBUS_UART5_IRQ	8	static,ignoring_inline_asm
../Middleware/Modbus/Modbus.c:385:6:MODBUS_USART6_IRQ	8	static,ignoring_inline_asm
../Middleware/Modbus/Modbus.c:419:13:Modbus_Init	16	static
../Middleware/Modbus/Modbus.c:501:13:Modbus_Read_Coil	40	static
../Middleware/Modbus/Modbus.c:553:13:Modbus_Read_Discrete_Inputs	40	static
../Middleware/Modbus/Modbus.c:579:13:Modbus_Read_Holding_Registers	40	static
../Middleware/Modbus/Modbus.c:607:13:Modbus_Read_Input_Registers	40	static
