../Inc/core_cm4.h:1684:22:__NVIC_EnableIRQ	16	static,ignoring_inline_asm
../Driver/Timer/Timer.h:65:22:Timer_Trigger	16	static
../Driver/Timer/Timer.c:28:6:TIM1_BRK_TIM9_IRQHandler	8	static
../Driver/Timer/Timer.c:56:6:TIM1_UP_TIM10_IRQHandler	8	static
../Driver/Timer/Timer.c:74:6:TIM1_TRG_COM_TIM11_IRQHandler	8	static
../Driver/Timer/Timer.c:99:6:TIM1_CC_IRQHandler	8	static
../Driver/Timer/Timer.c:126:6:TIM2_IRQHandler	8	static
../Driver/Timer/Timer.c:160:6:TIM3_IRQHandler	8	static
../Driver/Timer/Timer.c:194:6:TIM4_IRQHandler	8	static
../Driver/Timer/Timer.c:228:6:TIM5_IRQHandler	8	static
../Driver/Timer/Timer.c:262:6:TIM6_DAC_IRQHandler	8	static
../Driver/Timer/Timer.c:272:6:TIM7_IRQHandler	8	static
../Driver/Timer/Timer.c:301:6:TIM8_BRK_TIM12_IRQHandler	8	static
../Driver/Timer/Timer.c:329:6:TIM8_UP_TIM13_IRQHandler	8	static
../Driver/Timer/Timer.c:347:6:TIM8_TRG_COM_TIM14_IRQHandler	8	static
../Driver/Timer/Timer.c:372:6:TIM8_CC_IRQHandler	8	static
../Driver/Timer/Timer.c:399:13:Timer_1_Pin_Init	40	static
../Driver/Timer/Timer.c:459:13:Timer_2_Pin_Init	40	static
../Driver/Timer/Timer.c:514:13:Timer_3_Pin_Init	40	static
../Driver/Timer/Timer.c:566:13:Timer_4_Pin_Init	40	static
../Driver/Timer/Timer.c:614:13:Timer_5_Pin_Init	40	static
../Driver/Timer/Timer.c:654:13:Timer_8_Pin_Init	40	static
../Driver/Timer/Timer.c:710:13:Timer_9_Pin_Init	40	static
../Driver/Timer/Timer.c:741:13:Timer_10_Pin_Init	40	static
../Driver/Timer/Timer.c:760:13:Timer_11_Pin_Init	40	static
../Driver/Timer/Timer.c:779:13:Timer_12_Pin_Init	40	static
../Driver/Timer/Timer.c:804:13:Timer_13_Pin_Init	40	static
../Driver/Timer/Timer.c:823:13:Timer_14_Pin_Init	40	static
../Driver/Timer/Timer.c:848:13:Input_Capture_Mode_Setup	16	static
../Driver/Timer/Timer.c:905:13:PWM_Input_Mode_Setup	16	static
../Driver/Timer/Timer.c:955:13:Encoder_Mode_Setup	16	static
../Driver/Timer/Timer.c:983:13:XOR_Mode_Setup	16	static
../Driver/Timer/Timer.c:992:13:PWM_Mode_Setup	16	static
../Driver/Timer/Timer.c:1061:13:Timer_Update	16	static
../Driver/Timer/Timer.c:1070:6:Timer_Init	16	static
../Driver/Timer/Timer.c:1136:6:PWM_Frequency_Update	24	static
../Driver/Timer/Timer.c:1149:6:PWM_Duty_Cycle_Update	24	static
../Driver/Timer/Timer.c:1161:6:Encoder_Start	16	static
../Driver/Timer/Timer.c:1168:10:Encoder_Read_Counts	16	static
../Driver/Timer/Timer.c:1173:9:Encoder_Get_Direction	16	static
../Driver/Timer/Timer.c:1187:6:Input_PWM_Channel_Set	16	static
../Driver/Timer/Timer.c:1194:6:Input_PWM_Get_Data	24	static
