../Inc/core_cm4.h:1684:22:__NVIC_EnableIRQ	16	static,ignoring_inline_asm
../Driver/DMA/DMA.c:122:6:DMA1_Stream0_IRQHandler	4	static
../Driver/DMA/DMA.c:194:6:DMA1_Stream1_IRQHandler	4	static
../Driver/DMA/DMA.c:255:6:DMA1_Stream2_IRQHandler	4	static
../Driver/DMA/DMA.c:302:6:DMA1_Stream3_IRQHandler	4	static
../Driver/DMA/DMA.c:374:6:DMA1_Stream4_IRQHandler	4	static
../Driver/DMA/DMA.c:446:6:DMA1_Stream5_IRQHandler	4	static
../Driver/DMA/DMA.c:519:6:DMA1_Stream6_IRQHandler	4	static
../Driver/DMA/DMA.c:582:6:DMA1_Stream7_IRQHandler	4	static
../Driver/DMA/DMA.c:655:6:DMA2_Stream0_IRQHandler	4	static
../Driver/DMA/DMA.c:717:6:DMA2_Stream1_IRQHandler	4	static
../Driver/DMA/DMA.c:794:6:DMA2_Stream2_IRQHandler	4	static
../Driver/DMA/DMA.c:851:6:DMA2_Stream3_IRQHandler	4	static
../Driver/DMA/DMA.c:903:6:DMA2_Stream4_IRQHandler	4	static
../Driver/DMA/DMA.c:955:6:DMA2_Stream5_IRQHandler	4	static
../Driver/DMA/DMA.c:1002:6:DMA2_Stream6_IRQHandler	4	static
../Driver/DMA/DMA.c:1064:6:DMA2_Stream7_IRQHandler	4	static
../Driver/DMA/DMA.c:1127:6:DMA_Reset_Flags	16	static
../Driver/DMA/DMA.c:1146:6:DMA_Clock_Enable	16	static
../Driver/DMA/DMA.c:1168:6:DMA_Clock_Disable	16	static
../Driver/DMA/DMA.c:1185:6:DMA_Reset	16	static
../Driver/DMA/DMA.c:1204:8:DMA_Init	16	static
../Driver/DMA/DMA.c:1346:6:DMA_Set_Target	16	static
../Driver/DMA/DMA.c:1395:6:DMA_Set_Trigger	32	static
../Driver/DMA/DMA.c:1452:6:DMA_Memory_To_Memory_Transfer	24	static
