../Inc/core_cm4.h:1684:22:__NVIC_EnableIRQ	16	static,ignoring_inline_asm
../Driver/DMA/DMA.c:43:6:DMA1_Stream0_IRQHandler	8	static
../Driver/DMA/DMA.c:117:6:DMA1_Stream1_IRQHandler	8	static
../Driver/DMA/DMA.c:192:6:DMA1_Stream2_IRQHandler	8	static
../Driver/DMA/DMA.c:266:6:DMA1_Stream3_IRQHandler	8	static
../Driver/DMA/DMA.c:340:6:DMA1_Stream4_IRQHandler	8	static
../Driver/DMA/DMA.c:417:6:DMA1_Stream5_IRQHandler	8	static
../Driver/DMA/DMA.c:493:6:DMA1_Stream6_IRQHandler	8	static
../Driver/DMA/DMA.c:568:6:DMA1_Stream7_IRQHandler	8	static
../Driver/DMA/DMA.c:642:6:DMA2_Stream0_IRQHandler	8	static
../Driver/DMA/DMA.c:716:6:DMA2_Stream1_IRQHandler	8	static
../Driver/DMA/DMA.c:791:6:DMA2_Stream2_IRQHandler	8	static
../Driver/DMA/DMA.c:865:6:DMA2_Stream3_IRQHandler	8	static
../Driver/DMA/DMA.c:939:6:DMA2_Stream4_IRQHandler	8	static
../Driver/DMA/DMA.c:1016:6:DMA2_Stream5_IRQHandler	8	static
../Driver/DMA/DMA.c:1092:6:DMA2_Stream6_IRQHandler	8	static
../Driver/DMA/DMA.c:1167:6:DMA2_Stream7_IRQHandler	8	static
../Driver/DMA/DMA.c:1251:6:DMA_Reset_Flags	16	static
../Driver/DMA/DMA.c:1270:6:DMA_Clock_Enable	16	static
../Driver/DMA/DMA.c:1292:6:DMA_Clock_Disable	16	static
../Driver/DMA/DMA.c:1309:6:DMA_Reset	16	static
../Driver/DMA/DMA.c:1328:8:DMA_Init	16	static
../Driver/DMA/DMA.c:1470:6:DMA_Set_Target	16	static
../Driver/DMA/DMA.c:1519:6:DMA_Set_Trigger	32	static
../Driver/DMA/DMA.c:1576:6:DMA_Memory_To_Memory_Transfer	24	static
